../Core/Src/main.c:82:5:main	16	static
../Core/Src/main.c:148:6:SystemClock_Config	88	static
../Core/Src/main.c:195:13:MX_I2C1_Init	8	static
../Core/Src/main.c:229:13:MX_TIM2_Init	32	static
../Core/Src/main.c:283:13:MX_TIM3_Init	48	static
../Core/Src/main.c:332:13:MX_GPIO_Init	48	static
../Core/Src/main.c:359:13:print_num	24	static
../Core/Src/main.c:368:14:convert_v	24	static
../Core/Src/main.c:372:13:print_text	24	static
../Core/Src/main.c:379:13:print_pwm	16	static
../Core/Src/main.c:389:6:HAL_TIM_IC_CaptureCallback	16	static
../Core/Src/main.c:409:6:Error_Handler	4	static,ignoring_inline_asm
