../Core/Src/stm32f4xx_hal_msp.c:65:6:HAL_MspInit	8	static
../Core/Src/stm32f4xx_hal_msp.c:87:6:HAL_I2C_MspInit	48	static
../Core/Src/stm32f4xx_hal_msp.c:126:6:HAL_I2C_MspDeInit	8	static
../Core/Src/stm32f4xx_hal_msp.c:159:6:HAL_TIM_IC_MspInit	40	static
../Core/Src/stm32f4xx_hal_msp.c:197:6:HAL_TIM_PWM_MspInit	8	static
../Core/Src/stm32f4xx_hal_msp.c:213:6:HAL_TIM_MspPostInit	32	static
../Core/Src/stm32f4xx_hal_msp.c:245:6:HAL_TIM_IC_MspDeInit	8	static
../Core/Src/stm32f4xx_hal_msp.c:275:6:HAL_TIM_PWM_MspDeInit	0	static
