../Core/Src/main.c:82:5:main	16	static
../Core/Src/main.c:156:6:SystemClock_Config	88	static
../Core/Src/main.c:203:13:MX_I2C1_Init	8	static
../Core/Src/main.c:237:13:MX_TIM2_Init	48	static
../Core/Src/main.c:295:13:MX_TIM3_Init	64	static
../Core/Src/main.c:354:13:MX_GPIO_Init	48	static
../Core/Src/main.c:391:13:print_num	16	static
../Core/Src/main.c:400:14:convert_v	24	static
../Core/Src/main.c:404:13:print_text	32	static
../Core/Src/main.c:411:13:print_pwm	16	static
../Core/Src/main.c:421:6:HAL_TIM_PeriodElapsedCallback	16	static
../Core/Src/main.c:428:6:HAL_TIM_IC_CaptureCallback	16	static
../Core/Src/main.c:442:6:Error_Handler	4	static,ignoring_inline_asm
