13:17:45 **** Incremental Build of configuration Debug for project motor ****
make -j16 all 
arm-none-eabi-gcc "../Core/Src/main.c" -mcpu=cortex-m4 -std=gnu11 -g3 -DDEBUG -DUSE_HAL_DRIVER -DSTM32F411xE -c -I../Core/Inc -I../Drivers/STM32F4xx_HAL_Driver/Inc -I../Drivers/STM32F4xx_HAL_Driver/Inc/Legacy -I../Drivers/CMSIS/Device/ST/STM32F4xx/Include -I../Drivers/CMSIS/Include -I"C:/Users/senin/Desktop/geoscan/stm32cube/motor/Modules/ssd1306" -O0 -ffunction-sections -fdata-sections -Wall -fstack-usage -fcyclomatic-complexity -MMD -MP -MF"Core/Src/main.d" -MT"Core/Src/main.o" --specs=nano.specs -mfpu=fpv4-sp-d16 -mfloat-abi=hard -mthumb -o "Core/Src/main.o"
arm-none-eabi-gcc -o "motor.elf" @"objects.list"   -mcpu=cortex-m4 -T"C:\Users\senin\Desktop\geoscan\stm32cube\motor\STM32F411CEUX_FLASH.ld" --specs=nosys.specs -Wl,-Map="motor.map" -Wl,--gc-sections -static --specs=nano.specs -mfpu=fpv4-sp-d16 -mfloat-abi=hard -mthumb -u _printf_float -u _scanf_float -Wl,--start-group -lc -lm -Wl,--end-group
Finished building target: motor.elf
 
arm-none-eabi-size   motor.elf 
arm-none-eabi-objdump -h -S  motor.elf  > "motor.list"
   text	   data	    bss	    dec	    hex	filename
  41624	    496	   3168	  45288	   b0e8	motor.elf
Finished building: default.size.stdout
 
Finished building: motor.list
 

13:17:46 Build Finished. 0 errors, 0 warnings. (took 1s.177ms)

