16:58:31 **** Incremental Build of configuration Debug for project pwm_input ****
make -j16 all 
arm-none-eabi-gcc -o "pwm_input.elf" @"objects.list"   -mcpu=cortex-m4 -T"C:\Users\senin\Desktop\geoscan\stm32cube\pwm_input\STM32F411CEUX_FLASH.ld" --specs=nosys.specs -Wl,-Map="pwm_input.map" -Wl,--gc-sections -static --specs=nano.specs -mfpu=fpv4-sp-d16 -mfloat-abi=hard -mthumb -u _printf_float -Wl,--start-group -lc -lm -Wl,--end-group
Finished building target: pwm_input.elf
 
arm-none-eabi-size   pwm_input.elf 
arm-none-eabi-objdump -h -S  pwm_input.elf  > "pwm_input.list"
   text	   data	    bss	    dec	    hex	filename
  39660	    492	   3260	  43412	   a994	pwm_input.elf
Finished building: default.size.stdout
 
Finished building: pwm_input.list
 

16:58:32 Build Finished. 0 errors, 0 warnings. (took 487ms)

